// Jest Snapshot v1, https://goo.gl/fbAQLP

exports[`CharacterDetail renders correctly 1`] = `ShallowWrapper {}`;
